message
In order, the following will be installed:
q-1.0 (reinstall)
message edited
